
Running 83 tests using 1 worker

GŻÓ Login page - all fields visible!
  GŻ¶   1 [chromium] GŪ” tests\01-auth.spec.js:18:1 GŪ” AUTH-01: Verify login page loads with all required fields (6.2s)
GŻÓ Invalid login rejected correctly!
  GŻ¶   2 [chromium] GŪ” tests\01-auth.spec.js:44:1 GŪ” AUTH-02: Verify login fails with invalid email and password (7.3s)
GŻÓ Login success! URL: https://console.demo.dr.tmd1.org/#/home/campaigns
  GŻ¶   3 [chromium] GŪ” tests\01-auth.spec.js:68:1 GŪ” AUTH-03: Verify successful login redirects to dashboard (9.8s)
Gõ”n+┼ After logout URL: https://console.demo.dr.tmd1.org/#/home/campaigns
GŻÓ Logout test done!
  GŻ¶   4 [chromium] GŪ” tests\01-auth.spec.js:107:1 GŪ” AUTH-04: Verify user can logout and return to login page (9.3s)
Gõ”n+┼ Validation errors shown: 2
GŻÓ Empty form validation check done!
  GŻ¶   5 [chromium] GŪ” tests\01-auth.spec.js:158:1 GŪ” AUTH-05: Verify login form shows validation for empty fields (8.6s)
GŻÓ Login success! URL: https://console.demo.dr.tmd1.org/#/home/campaigns
GŻÓ Navigated: https://console.demo.dr.tmd1.org/#/home/dashboard
Gõ”n+┼ Dashboard URL: https://console.demo.dr.tmd1.org/#/home/dashboard
GŻÓ DASH-01: Dashboard URL verified!
  GŻ¶   6 [chromium] GŪ” tests\02-dashboard.spec.js:14:1 GŪ” DASH-01: Verify Dashboard page loads after login and URL is correct (13.7s)
GŻÓ Login success! URL: https://console.demo.dr.tmd1.org/#/home/campaigns
GŻÓ Navigated: https://console.demo.dr.tmd1.org/#/home/dashboard
Gõ”n+┼ Dashboard stat cards: 43
Gõ”n+┼ Dashboard charts: 0
Gõ”n+┼ Numeric elements: 37
GŻÓ DASH-02: Dashboard cards and charts verified!
  GŻ¶   7 [chromium] GŪ” tests\02-dashboard.spec.js:37:1 GŪ” DASH-02: Verify Dashboard displays activity cards, stat counts and charts (17.1s)
GŻÓ Login success! URL: https://console.demo.dr.tmd1.org/#/home/campaigns
GŻÓ Navigated: https://console.demo.dr.tmd1.org/#/home/dashboard
Gõ”n+┼ Today button: true
Gõ”n+┼ Week button: true
Gõ”n+┼ Month button: true
GŻÓ Today filter clicked - content updated!
GŻÓ DASH-03: Date filters verified!
  GŻ¶   8 [chromium] GŪ” tests\02-dashboard.spec.js:65:1 GŪ” DASH-03: Verify Dashboard has Today, Week, Month date filter buttons (18.9s)
GŻÓ Login success! URL: https://console.demo.dr.tmd1.org/#/home/campaigns
GŻÓ Navigated: https://console.demo.dr.tmd1.org/#/home/dashboard
Gõ”n+┼ Sidebar visible: true
Gõ”n+┼ Sidebar nav items: 1
  GŻ    9 [chromium] GŪ” tests\02-dashboard.spec.js:99:1 GŪ” DASH-04: Verify Dashboard sidebar shows all main navigation items (15.8s)
GŻÓ Login success! URL: https://console.demo.dr.tmd1.org/#/home/campaigns
GŻÓ Navigated: https://console.demo.dr.tmd1.org/#/home/dashboard
Gõ”n+┼ Sidebar visible: true
Gõ”n+┼ Sidebar nav items: 1
  GŻ   10 [chromium] GŪ” tests\02-dashboard.spec.js:99:1 GŪ” DASH-04: Verify Dashboard sidebar shows all main navigation items (retry #1) (16.7s)
  GŻ   11 [chromium] GŪ” tests\02-dashboard.spec.js:129:1 GŪ” DASH-05: Verify clicking Dashboard nav item highlights it as active (10.5s)
  GŻ   12 [chromium] GŪ” tests\02-dashboard.spec.js:129:1 GŪ” DASH-05: Verify clicking Dashboard nav item highlights it as active (retry #1) (3.2s)
  GŻ   13 [chromium] GŪ” tests\03-vendor-performance.spec.js:14:1 GŪ” 09 - Vendor Performance page loads (6.8s)
  GŻ   14 [chromium] GŪ” tests\03-vendor-performance.spec.js:14:1 GŪ” 09 - Vendor Performance page loads (retry #1) (3.0s)
  GŻ   15 [chromium] GŪ” tests\03-vendor-performance.spec.js:33:1 GŪ” 10 - Vendor Performance stats are visible (9.0s)
  GŻ   16 [chromium] GŪ” tests\03-vendor-performance.spec.js:33:1 GŪ” 10 - Vendor Performance stats are visible (retry #1) (2.8s)
GŻÓ Login success! URL: https://console.demo.dr.tmd1.org/#/home/campaigns
Gõ”n+┼ Dropdown count: 4
GŻÓ Store dropdown is available!
GŻÓ Vendor Performance filter check done!
  GŻ¶  17 [chromium] GŪ” tests\03-vendor-performance.spec.js:57:1 GŪ” 11 - Vendor Performance store dropdown filter check (14.6s)
  GŻ   18 [chromium] GŪ” tests\04-reports-analysis.spec.js:14:1 GŪ” RPT-01: Verify Reports page loads with multiple report tabs (4.9s)
  GŻ   19 [chromium] GŪ” tests\04-reports-analysis.spec.js:14:1 GŪ” RPT-01: Verify Reports page loads with multiple report tabs (retry #1) (2.4s)
  GŻ   20 [chromium] GŪ” tests\04-reports-analysis.spec.js:45:1 GŪ” RPT-02: Verify clicking Report tabs switches content correctly (2.3s)
  GŻ   21 [chromium] GŪ” tests\04-reports-analysis.spec.js:45:1 GŪ” RPT-02: Verify clicking Report tabs switches content correctly (retry #1) (7.8s)
  GŻ   22 [chromium] GŪ” tests\04-reports-analysis.spec.js:80:1 GŪ” RPT-03: Verify Reports page has Export button for downloading reports (2.5s)
  GŻ   23 [chromium] GŪ” tests\04-reports-analysis.spec.js:80:1 GŪ” RPT-03: Verify Reports page has Export button for downloading reports (retry #1) (2.1s)
  GŻ   24 [chromium] GŪ” tests\04-reports-analysis.spec.js:102:1 GŪ” RPT-04: Verify Analysis page loads with Performance Comparison charts (2.3s)
GŻÓ Login success! URL: https://console.demo.dr.tmd1.org/#/home/campaigns
  GŻ   25 [chromium] GŪ” tests\04-reports-analysis.spec.js:102:1 GŪ” RPT-04: Verify Analysis page loads with Performance Comparison charts (retry #1) (13.4s)
  GŻ   26 [chromium] GŪ” tests\04-reports-analysis.spec.js:128:1 GŪ” RPT-05: Verify Analysis page has date range and account manager filters (2.5s)
  GŻ   27 [chromium] GŪ” tests\04-reports-analysis.spec.js:128:1 GŪ” RPT-05: Verify Analysis page has date range and account manager filters (retry #1) (2.3s)
